<html>
<body>
<pre>
<h1>µVision Build Log</h1>
<h2>Tool Versions:</h2>
IDE-Version: µVision V5.28.0.0
Copyright (C) 2019 ARM Ltd and ARM Germany GmbH. All rights reserved.
License Information: ziya yilmaz, Tennessee State University, LIC=----
 
Tool Versions:
Toolchain:       MDK-Lite  Version: 5.28.0.0
Toolchain Path:  C:\Keil_v5\ARM\ARMCC\Bin
C Compiler:      Armcc.exe V5.06 update 6 (build 750)
Assembler:       Armasm.exe V5.06 update 6 (build 750)
Linker/Locator:  ArmLink.exe V5.06 update 6 (build 750)
Library Manager: ArmAr.exe V5.06 update 6 (build 750)
Hex Converter:   FromElf.exe V5.06 update 6 (build 750)
CPU DLL:         SARMCM3.DLL V5.28.0.0
Dialog DLL:      DCM.DLL V1.17.3.0
Target DLL:      lmidk-agdi.dll V???
Dialog DLL:      TCM.DLL V1.36.2.0
 
<h2>Project:</h2>
C:\Users\zyilmaz\Desktop\randon keiluvision\FINAL_PROJECT\FINAL_PROJECT.uvprojx
Project File Date:  11/29/2019

<h2>Output:</h2>
*** Using Compiler 'V5.06 update 6 (build 750)', folder: 'C:\Keil_v5\ARM\ARMCC\Bin'
Rebuild target 'Target 1'
assembling interrupts.s...
assembling startup_ARMCM4.s...
compiling system_ARMCM4.c...
compiling Final_project.c...
linking...
Program Size: Code=1120 RO-data=1088 RW-data=16 ZI-data=1024  
".\Objects\FINAL_PROJECT.axf" - 0 Error(s), 0 Warning(s).

<h2>Software Packages used:</h2>

Package Vendor: ARM
                http://www.keil.com/pack/ARM.CMSIS.5.5.1.pack
                ARM.CMSIS.5.5.1
                CMSIS (Cortex Microcontroller Software Interface Standard)
   * Component: CORE Version: 5.2.0
   * Component: Startup Version: 1.1.0

<h2>Collection of Component include folders:</h2>
  .\RTE\_Target_1
  C:\Users\zyilmaz\AppData\Local\Arm\Packs\ARM\CMSIS\5.5.1\CMSIS\Core\Include
  C:\Users\zyilmaz\AppData\Local\Arm\Packs\ARM\CMSIS\5.5.1\Device\ARM\ARMCM4\Include

<h2>Collection of Component Files used:</h2>

   * Component: ARM::CMSIS:CORE:5.2.0

   * Component: ARM::Device:Startup:1.1.0
      Source file:   Device\ARM\ARMCM4\Source\system_ARMCM4.c
      Source file:   Device\ARM\ARMCM4\Source\ARM\startup_ARMCM4.s
Build Time Elapsed:  00:00:01
</pre>
</body>
</html>
